// Jest Snapshot v1, https://goo.gl/fbAQLP

exports[`Render Loader should render without crashing 1`] = `
<View
  style={
    Array [
      Object {
        "alignItems": "center",
        "flex": 1,
        "flexDirection": "column",
        "justifyContent": "center",
      },
      undefined,
    ]
  }
>
  <ActivityIndicator
    animating={true}
    color="#e91e63"
    hidesWhenStopped={true}
    size="large"
  />
</View>
`;
