// Jest Snapshot v1, https://goo.gl/fbAQLP

exports[`Render Touchable should render without crashing 1`] = `
<TouchableOpacity
  activeOpacity={0.2}
  onPress={[MockFunction]}
/>
`;
